{
  "title": "Test Book",
  "authors": "Test Author",
  "markers": [
    {
      "type": "Highlight",
      "color": "yellow",
      "location": 10,
      "page": 5,
      "section": "Section 1 - Basic",
      "chapter": "Chapter 1",
      "quote": "This is a highlighted text",
      "note": "This is a note"
    },
    {
      "type": "Note",
      "location": 20,
      "page": 10,
      "section": "Section 1 - Basic",
      "chapter": "Chapter 1",
      "note": "This is a note only"
    },
    {
      "type": "Highlight",
      "color": "yellow",
      "location": 30,
      "page": 15,
      "section": "Section 2 - Edge case",
      "chapter": "Chapter 2",
      "quote": "With line breaks\nand \"quotes\""
    },
    {
      "type": "Highlight",
      "color": "yellow",
      "location": 30,
      "page": 15,
      "section": "Section 2 - Edge case",
      "chapter": "Chapter 2",
      "quote": "With UTF-8 characters ðŸš€ and HTML tags <br> and <b>bold</b>"
    },
    {
      "type": "Highlight",
      "color": "yellow",
      "location": 30,
      "quote": "Missing page"
    },
    {
      "type": "Highlight",
      "color": "yellow",
      "location": 30,
      "page": 15,
      "quote": "Missing section and chapter"
    }
  ]
}